  crime_network.cpp
C:\Users\DELL\Desktop\CrimePatternSystem\cpp\NetworkFinder\NetworkFinder\crime_network.cpp(8,17): warning C4566: character represented by universal-character-name '\u26A0' cannot be represented in the current code page (1252)
C:\Users\DELL\Desktop\CrimePatternSystem\cpp\NetworkFinder\NetworkFinder\crime_network.cpp(13,13): warning C4566: character represented by universal-character-name '\u2713' cannot be represented in the current code page (1252)
C:\Users\DELL\Desktop\CrimePatternSystem\cpp\NetworkFinder\NetworkFinder\crime_network.cpp(19,17): warning C4566: character represented by universal-character-name '\u26A0' cannot be represented in the current code page (1252)
C:\Users\DELL\Desktop\CrimePatternSystem\cpp\NetworkFinder\NetworkFinder\crime_network.cpp(24,13): warning C4566: character represented by universal-character-name '\u2713' cannot be represented in the current code page (1252)
C:\Users\DELL\Desktop\CrimePatternSystem\cpp\NetworkFinder\NetworkFinder\crime_network.cpp(30,17): warning C4566: character represented by universal-character-name '\u26A0' cannot be represented in the current code page (1252)
C:\Users\DELL\Desktop\CrimePatternSystem\cpp\NetworkFinder\NetworkFinder\crime_network.cpp(35,13): warning C4566: character represented by universal-character-name '\u2713' cannot be represented in the current code page (1252)
C:\Users\DELL\Desktop\CrimePatternSystem\cpp\NetworkFinder\NetworkFinder\crime_network.cpp(47,17): warning C4566: character represented by universal-character-name '\u2717' cannot be represented in the current code page (1252)
C:\Users\DELL\Desktop\CrimePatternSystem\cpp\NetworkFinder\NetworkFinder\crime_network.cpp(53,13): warning C4566: character represented by universal-character-name '\u250C' cannot be represented in the current code page (1252)
C:\Users\DELL\Desktop\CrimePatternSystem\cpp\NetworkFinder\NetworkFinder\crime_network.cpp(53,13): warning C4566: character represented by universal-character-name '\u2500' cannot be represented in the current code page (1252)
C:\Users\DELL\Desktop\CrimePatternSystem\cpp\NetworkFinder\NetworkFinder\crime_network.cpp(53,13): warning C4566: character represented by universal-character-name '\u2510' cannot be represented in the current code page (1252)
C:\Users\DELL\Desktop\CrimePatternSystem\cpp\NetworkFinder\NetworkFinder\crime_network.cpp(54,13): warning C4566: character represented by universal-character-name '\u2502' cannot be represented in the current code page (1252)
C:\Users\DELL\Desktop\CrimePatternSystem\cpp\NetworkFinder\NetworkFinder\crime_network.cpp(55,13): warning C4566: character represented by universal-character-name '\u2502' cannot be represented in the current code page (1252)
C:\Users\DELL\Desktop\CrimePatternSystem\cpp\NetworkFinder\NetworkFinder\crime_network.cpp(56,13): warning C4566: character represented by universal-character-name '\u2502' cannot be represented in the current code page (1252)
C:\Users\DELL\Desktop\CrimePatternSystem\cpp\NetworkFinder\NetworkFinder\crime_network.cpp(57,13): warning C4566: character represented by universal-character-name '\u2514' cannot be represented in the current code page (1252)
C:\Users\DELL\Desktop\CrimePatternSystem\cpp\NetworkFinder\NetworkFinder\crime_network.cpp(57,13): warning C4566: character represented by universal-character-name '\u2500' cannot be represented in the current code page (1252)
C:\Users\DELL\Desktop\CrimePatternSystem\cpp\NetworkFinder\NetworkFinder\crime_network.cpp(57,13): warning C4566: character represented by universal-character-name '\u2518' cannot be represented in the current code page (1252)
C:\Users\DELL\Desktop\CrimePatternSystem\cpp\NetworkFinder\NetworkFinder\crime_network.cpp(63,17): warning C4566: character represented by universal-character-name '\u26A0' cannot be represented in the current code page (1252)
C:\Users\DELL\Desktop\CrimePatternSystem\cpp\NetworkFinder\NetworkFinder\crime_network.cpp(67,13): warning C4566: character represented by universal-character-name '\u2554' cannot be represented in the current code page (1252)
C:\Users\DELL\Desktop\CrimePatternSystem\cpp\NetworkFinder\NetworkFinder\crime_network.cpp(67,13): warning C4566: character represented by universal-character-name '\u2550' cannot be represented in the current code page (1252)
C:\Users\DELL\Desktop\CrimePatternSystem\cpp\NetworkFinder\NetworkFinder\crime_network.cpp(67,13): warning C4566: character represented by universal-character-name '\u2557' cannot be represented in the current code page (1252)
C:\Users\DELL\Desktop\CrimePatternSystem\cpp\NetworkFinder\NetworkFinder\crime_network.cpp(68,13): warning C4566: character represented by universal-character-name '\u2551' cannot be represented in the current code page (1252)
C:\Users\DELL\Desktop\CrimePatternSystem\cpp\NetworkFinder\NetworkFinder\crime_network.cpp(69,13): warning C4566: character represented by universal-character-name '\u255A' cannot be represented in the current code page (1252)
C:\Users\DELL\Desktop\CrimePatternSystem\cpp\NetworkFinder\NetworkFinder\crime_network.cpp(69,13): warning C4566: character represented by universal-character-name '\u2550' cannot be represented in the current code page (1252)
C:\Users\DELL\Desktop\CrimePatternSystem\cpp\NetworkFinder\NetworkFinder\crime_network.cpp(69,13): warning C4566: character represented by universal-character-name '\u255D' cannot be represented in the current code page (1252)
  graph.cpp
C:\Users\DELL\Desktop\CrimePatternSystem\cpp\NetworkFinder\NetworkFinder\graph.cpp(12,17): warning C4566: character represented by universal-character-name '\u2713' cannot be represented in the current code page (1252)
C:\Users\DELL\Desktop\CrimePatternSystem\cpp\NetworkFinder\NetworkFinder\graph.cpp(15,17): warning C4566: character represented by universal-character-name '\u26A0' cannot be represented in the current code page (1252)
C:\Users\DELL\Desktop\CrimePatternSystem\cpp\NetworkFinder\NetworkFinder\graph.cpp(27,17): warning C4566: character represented by universal-character-name '\u26A0' cannot be represented in the current code page (1252)
C:\Users\DELL\Desktop\CrimePatternSystem\cpp\NetworkFinder\NetworkFinder\graph.cpp(36,13): warning C4566: character represented by universal-character-name '\u2713' cannot be represented in the current code page (1252)
C:\Users\DELL\Desktop\CrimePatternSystem\cpp\NetworkFinder\NetworkFinder\graph.cpp(36,50): warning C4566: character represented by universal-character-name '\u2194' cannot be represented in the current code page (1252)
C:\Users\DELL\Desktop\CrimePatternSystem\cpp\NetworkFinder\NetworkFinder\graph.cpp(42,17): warning C4566: character represented by universal-character-name '\u2717' cannot be represented in the current code page (1252)
C:\Users\DELL\Desktop\CrimePatternSystem\cpp\NetworkFinder\NetworkFinder\graph.cpp(57,13): warning C4566: character represented by universal-character-name '\u2713' cannot be represented in the current code page (1252)
C:\Users\DELL\Desktop\CrimePatternSystem\cpp\NetworkFinder\NetworkFinder\graph.cpp(63,17): warning C4566: character represented by universal-character-name '\u2717' cannot be represented in the current code page (1252)
C:\Users\DELL\Desktop\CrimePatternSystem\cpp\NetworkFinder\NetworkFinder\graph.cpp(75,13): warning C4566: character represented by universal-character-name '\u2713' cannot be represented in the current code page (1252)
C:\Users\DELL\Desktop\CrimePatternSystem\cpp\NetworkFinder\NetworkFinder\graph.cpp(75,52): warning C4566: character represented by universal-character-name '\u2194' cannot be represented in the current code page (1252)
C:\Users\DELL\Desktop\CrimePatternSystem\cpp\NetworkFinder\NetworkFinder\graph.cpp(100,17): warning C4566: character represented by universal-character-name '\u2717' cannot be represented in the current code page (1252)
C:\Users\DELL\Desktop\CrimePatternSystem\cpp\NetworkFinder\NetworkFinder\graph.cpp(145,17): warning C4566: character represented by universal-character-name '\u2713' cannot be represented in the current code page (1252)
C:\Users\DELL\Desktop\CrimePatternSystem\cpp\NetworkFinder\NetworkFinder\graph.cpp(148,17): warning C4566: character represented by universal-character-name '\u2717' cannot be represented in the current code page (1252)
C:\Users\DELL\Desktop\CrimePatternSystem\cpp\NetworkFinder\NetworkFinder\graph.cpp(181,17): warning C4566: character represented by universal-character-name '\u2717' cannot be represented in the current code page (1252)
C:\Users\DELL\Desktop\CrimePatternSystem\cpp\NetworkFinder\NetworkFinder\graph.cpp(191,17): warning C4566: character represented by universal-character-name '\u2713' cannot be represented in the current code page (1252)
C:\Users\DELL\Desktop\CrimePatternSystem\cpp\NetworkFinder\NetworkFinder\graph.cpp(195,17): warning C4566: character represented by universal-character-name '\u2717' cannot be represented in the current code page (1252)
C:\Users\DELL\Desktop\CrimePatternSystem\cpp\NetworkFinder\NetworkFinder\graph.cpp(263,17): warning C4566: character represented by universal-character-name '\u26A0' cannot be represented in the current code page (1252)
C:\Users\DELL\Desktop\CrimePatternSystem\cpp\NetworkFinder\NetworkFinder\graph.cpp(267,13): warning C4566: character represented by universal-character-name '\u2554' cannot be represented in the current code page (1252)
C:\Users\DELL\Desktop\CrimePatternSystem\cpp\NetworkFinder\NetworkFinder\graph.cpp(267,13): warning C4566: character represented by universal-character-name '\u2550' cannot be represented in the current code page (1252)
C:\Users\DELL\Desktop\CrimePatternSystem\cpp\NetworkFinder\NetworkFinder\graph.cpp(267,13): warning C4566: character represented by universal-character-name '\u2557' cannot be represented in the current code page (1252)
C:\Users\DELL\Desktop\CrimePatternSystem\cpp\NetworkFinder\NetworkFinder\graph.cpp(268,13): warning C4566: character represented by universal-character-name '\u2551' cannot be represented in the current code page (1252)
C:\Users\DELL\Desktop\CrimePatternSystem\cpp\NetworkFinder\NetworkFinder\graph.cpp(269,13): warning C4566: character represented by universal-character-name '\u255A' cannot be represented in the current code page (1252)
C:\Users\DELL\Desktop\CrimePatternSystem\cpp\NetworkFinder\NetworkFinder\graph.cpp(269,13): warning C4566: character represented by universal-character-name '\u2550' cannot be represented in the current code page (1252)
C:\Users\DELL\Desktop\CrimePatternSystem\cpp\NetworkFinder\NetworkFinder\graph.cpp(269,13): warning C4566: character represented by universal-character-name '\u255D' cannot be represented in the current code page (1252)
C:\Users\DELL\Desktop\CrimePatternSystem\cpp\NetworkFinder\NetworkFinder\graph.cpp(275,21): warning C4566: character represented by universal-character-name '\u2192' cannot be represented in the current code page (1252)
C:\Users\DELL\Desktop\CrimePatternSystem\cpp\NetworkFinder\NetworkFinder\graph.cpp(278,21): warning C4566: character represented by universal-character-name '\u2192' cannot be represented in the current code page (1252)
C:\Users\DELL\Desktop\CrimePatternSystem\cpp\NetworkFinder\NetworkFinder\graph.cpp(290,13): warning C4566: character represented by universal-character-name '\u2554' cannot be represented in the current code page (1252)
C:\Users\DELL\Desktop\CrimePatternSystem\cpp\NetworkFinder\NetworkFinder\graph.cpp(290,13): warning C4566: character represented by universal-character-name '\u2550' cannot be represented in the current code page (1252)
C:\Users\DELL\Desktop\CrimePatternSystem\cpp\NetworkFinder\NetworkFinder\graph.cpp(290,13): warning C4566: character represented by universal-character-name '\u2557' cannot be represented in the current code page (1252)
C:\Users\DELL\Desktop\CrimePatternSystem\cpp\NetworkFinder\NetworkFinder\graph.cpp(291,13): warning C4566: character represented by universal-character-name '\u2551' cannot be represented in the current code page (1252)
C:\Users\DELL\Desktop\CrimePatternSystem\cpp\NetworkFinder\NetworkFinder\graph.cpp(292,13): warning C4566: character represented by universal-character-name '\u255A' cannot be represented in the current code page (1252)
C:\Users\DELL\Desktop\CrimePatternSystem\cpp\NetworkFinder\NetworkFinder\graph.cpp(292,13): warning C4566: character represented by universal-character-name '\u2550' cannot be represented in the current code page (1252)
C:\Users\DELL\Desktop\CrimePatternSystem\cpp\NetworkFinder\NetworkFinder\graph.cpp(292,13): warning C4566: character represented by universal-character-name '\u255D' cannot be represented in the current code page (1252)
C:\Users\DELL\Desktop\CrimePatternSystem\cpp\NetworkFinder\NetworkFinder\graph.cpp(306,22): warning C4267: 'return': conversion from 'size_t' to 'int', possible loss of data
C:\Users\DELL\Desktop\CrimePatternSystem\cpp\NetworkFinder\NetworkFinder\graph.cpp(319,13): warning C4566: character represented by universal-character-name '\u2713' cannot be represented in the current code page (1252)
  NetworkFinder.cpp
C:\Users\DELL\Desktop\CrimePatternSystem\cpp\NetworkFinder\NetworkFinder\NetworkFinder.cpp(21,13): warning C4566: character represented by universal-character-name '\u2554' cannot be represented in the current code page (1252)
C:\Users\DELL\Desktop\CrimePatternSystem\cpp\NetworkFinder\NetworkFinder\NetworkFinder.cpp(21,13): warning C4566: character represented by universal-character-name '\u2550' cannot be represented in the current code page (1252)
C:\Users\DELL\Desktop\CrimePatternSystem\cpp\NetworkFinder\NetworkFinder\NetworkFinder.cpp(21,13): warning C4566: character represented by universal-character-name '\u2557' cannot be represented in the current code page (1252)
C:\Users\DELL\Desktop\CrimePatternSystem\cpp\NetworkFinder\NetworkFinder\NetworkFinder.cpp(22,13): warning C4566: character represented by universal-character-name '\u2551' cannot be represented in the current code page (1252)
C:\Users\DELL\Desktop\CrimePatternSystem\cpp\NetworkFinder\NetworkFinder\NetworkFinder.cpp(23,13): warning C4566: character represented by universal-character-name '\u2551' cannot be represented in the current code page (1252)
C:\Users\DELL\Desktop\CrimePatternSystem\cpp\NetworkFinder\NetworkFinder\NetworkFinder.cpp(24,13): warning C4566: character represented by universal-character-name '\u255A' cannot be represented in the current code page (1252)
C:\Users\DELL\Desktop\CrimePatternSystem\cpp\NetworkFinder\NetworkFinder\NetworkFinder.cpp(24,13): warning C4566: character represented by universal-character-name '\u2550' cannot be represented in the current code page (1252)
C:\Users\DELL\Desktop\CrimePatternSystem\cpp\NetworkFinder\NetworkFinder\NetworkFinder.cpp(24,13): warning C4566: character represented by universal-character-name '\u255D' cannot be represented in the current code page (1252)
C:\Users\DELL\Desktop\CrimePatternSystem\cpp\NetworkFinder\NetworkFinder\NetworkFinder.cpp(29,13): warning C4566: character represented by universal-character-name '\u2500' cannot be represented in the current code page (1252)
C:\Users\DELL\Desktop\CrimePatternSystem\cpp\NetworkFinder\NetworkFinder\NetworkFinder.cpp(41,13): warning C4566: character represented by universal-character-name '\u2500' cannot be represented in the current code page (1252)
C:\Users\DELL\Desktop\CrimePatternSystem\cpp\NetworkFinder\NetworkFinder\NetworkFinder.cpp(133,25): warning C4566: character represented by universal-character-name '\u2717' cannot be represented in the current code page (1252)
C:\Users\DELL\Desktop\CrimePatternSystem\cpp\NetworkFinder\NetworkFinder\NetworkFinder.cpp(143,25): warning C4566: character represented by universal-character-name '\u2713' cannot be represented in the current code page (1252)
C:\Users\DELL\Desktop\CrimePatternSystem\cpp\NetworkFinder\NetworkFinder\NetworkFinder.cpp(146,54): warning C4566: character represented by universal-character-name '\u2192' cannot be represented in the current code page (1252)
C:\Users\DELL\Desktop\CrimePatternSystem\cpp\NetworkFinder\NetworkFinder\NetworkFinder.cpp(189,25): warning C4566: character represented by universal-character-name '\u2713' cannot be represented in the current code page (1252)
C:\Users\DELL\Desktop\CrimePatternSystem\cpp\NetworkFinder\NetworkFinder\NetworkFinder.cpp(192,25): warning C4566: character represented by universal-character-name '\u2717' cannot be represented in the current code page (1252)
C:\Users\DELL\Desktop\CrimePatternSystem\cpp\NetworkFinder\NetworkFinder\NetworkFinder.cpp(213,21): warning C4566: character represented by universal-character-name '\u2717' cannot be represented in the current code page (1252)
C:\Users\DELL\Desktop\CrimePatternSystem\cpp\NetworkFinder\NetworkFinder\NetworkFinder.cpp(218,13): warning C4566: character represented by universal-character-name '\u2713' cannot be represented in the current code page (1252)
C:\Users\DELL\Desktop\CrimePatternSystem\cpp\NetworkFinder\NetworkFinder\NetworkFinder.cpp(230,19): warning C4566: character represented by universal-character-name '\u2554' cannot be represented in the current code page (1252)
C:\Users\DELL\Desktop\CrimePatternSystem\cpp\NetworkFinder\NetworkFinder\NetworkFinder.cpp(230,19): warning C4566: character represented by universal-character-name '\u2550' cannot be represented in the current code page (1252)
C:\Users\DELL\Desktop\CrimePatternSystem\cpp\NetworkFinder\NetworkFinder\NetworkFinder.cpp(230,19): warning C4566: character represented by universal-character-name '\u2557' cannot be represented in the current code page (1252)
C:\Users\DELL\Desktop\CrimePatternSystem\cpp\NetworkFinder\NetworkFinder\NetworkFinder.cpp(231,19): warning C4566: character represented by universal-character-name '\u2551' cannot be represented in the current code page (1252)
C:\Users\DELL\Desktop\CrimePatternSystem\cpp\NetworkFinder\NetworkFinder\NetworkFinder.cpp(232,19): warning C4566: character represented by universal-character-name '\u255A' cannot be represented in the current code page (1252)
C:\Users\DELL\Desktop\CrimePatternSystem\cpp\NetworkFinder\NetworkFinder\NetworkFinder.cpp(232,19): warning C4566: character represented by universal-character-name '\u2550' cannot be represented in the current code page (1252)
C:\Users\DELL\Desktop\CrimePatternSystem\cpp\NetworkFinder\NetworkFinder\NetworkFinder.cpp(232,19): warning C4566: character represented by universal-character-name '\u255D' cannot be represented in the current code page (1252)
C:\Users\DELL\Desktop\CrimePatternSystem\cpp\NetworkFinder\NetworkFinder\NetworkFinder.cpp(241,13): warning C4566: character represented by universal-character-name '\u2713' cannot be represented in the current code page (1252)
  Generating Code...
  NetworkFinder.vcxproj -> C:\Users\DELL\Desktop\CrimePatternSystem\cpp\NetworkFinder\x64\Debug\NetworkFinder.exe
