  dijkstra.cpp
C:\Users\DELL\Desktop\CrimePatternSystem\cpp\RouteOptimizer\RouteOptimizer\dijkstra.cpp(12,17): warning C4566: character represented by universal-character-name '\u2713' cannot be represented in the current code page (1252)
C:\Users\DELL\Desktop\CrimePatternSystem\cpp\RouteOptimizer\RouteOptimizer\dijkstra.cpp(15,17): warning C4566: character represented by universal-character-name '\u26A0' cannot be represented in the current code page (1252)
C:\Users\DELL\Desktop\CrimePatternSystem\cpp\RouteOptimizer\RouteOptimizer\dijkstra.cpp(27,17): warning C4566: character represented by universal-character-name '\u26A0' cannot be represented in the current code page (1252)
C:\Users\DELL\Desktop\CrimePatternSystem\cpp\RouteOptimizer\RouteOptimizer\dijkstra.cpp(36,13): warning C4566: character represented by universal-character-name '\u2713' cannot be represented in the current code page (1252)
C:\Users\DELL\Desktop\CrimePatternSystem\cpp\RouteOptimizer\RouteOptimizer\dijkstra.cpp(36,44): warning C4566: character represented by universal-character-name '\u2194' cannot be represented in the current code page (1252)
C:\Users\DELL\Desktop\CrimePatternSystem\cpp\RouteOptimizer\RouteOptimizer\dijkstra.cpp(42,17): warning C4566: character represented by universal-character-name '\u2717' cannot be represented in the current code page (1252)
C:\Users\DELL\Desktop\CrimePatternSystem\cpp\RouteOptimizer\RouteOptimizer\dijkstra.cpp(59,13): warning C4566: character represented by universal-character-name '\u2713' cannot be represented in the current code page (1252)
C:\Users\DELL\Desktop\CrimePatternSystem\cpp\RouteOptimizer\RouteOptimizer\dijkstra.cpp(65,17): warning C4566: character represented by universal-character-name '\u2717' cannot be represented in the current code page (1252)
C:\Users\DELL\Desktop\CrimePatternSystem\cpp\RouteOptimizer\RouteOptimizer\dijkstra.cpp(85,13): warning C4566: character represented by universal-character-name '\u2713' cannot be represented in the current code page (1252)
C:\Users\DELL\Desktop\CrimePatternSystem\cpp\RouteOptimizer\RouteOptimizer\dijkstra.cpp(85,46): warning C4566: character represented by universal-character-name '\u2194' cannot be represented in the current code page (1252)
C:\Users\DELL\Desktop\CrimePatternSystem\cpp\RouteOptimizer\RouteOptimizer\dijkstra.cpp(118,17): warning C4566: character represented by universal-character-name '\u2717' cannot be represented in the current code page (1252)
C:\Users\DELL\Desktop\CrimePatternSystem\cpp\RouteOptimizer\RouteOptimizer\dijkstra.cpp(122,13): warning C4566: character represented by universal-character-name '\U0001F50D' cannot be represented in the current code page (1252)
C:\Users\DELL\Desktop\CrimePatternSystem\cpp\RouteOptimizer\RouteOptimizer\dijkstra.cpp(123,34): warning C4566: character represented by universal-character-name '\u2192' cannot be represented in the current code page (1252)
C:\Users\DELL\Desktop\CrimePatternSystem\cpp\RouteOptimizer\RouteOptimizer\dijkstra.cpp(124,13): warning C4566: character represented by universal-character-name '\u2500' cannot be represented in the current code page (1252)
C:\Users\DELL\Desktop\CrimePatternSystem\cpp\RouteOptimizer\RouteOptimizer\dijkstra.cpp(189,17): warning C4566: character represented by universal-character-name '\u2717' cannot be represented in the current code page (1252)
C:\Users\DELL\Desktop\CrimePatternSystem\cpp\RouteOptimizer\RouteOptimizer\dijkstra.cpp(199,13): warning C4566: character represented by universal-character-name '\u2713' cannot be represented in the current code page (1252)
C:\Users\DELL\Desktop\CrimePatternSystem\cpp\RouteOptimizer\RouteOptimizer\dijkstra.cpp(245,17): warning C4566: character represented by universal-character-name '\u26A0' cannot be represented in the current code page (1252)
C:\Users\DELL\Desktop\CrimePatternSystem\cpp\RouteOptimizer\RouteOptimizer\dijkstra.cpp(249,13): warning C4566: character represented by universal-character-name '\u2554' cannot be represented in the current code page (1252)
C:\Users\DELL\Desktop\CrimePatternSystem\cpp\RouteOptimizer\RouteOptimizer\dijkstra.cpp(249,13): warning C4566: character represented by universal-character-name '\u2550' cannot be represented in the current code page (1252)
C:\Users\DELL\Desktop\CrimePatternSystem\cpp\RouteOptimizer\RouteOptimizer\dijkstra.cpp(249,13): warning C4566: character represented by universal-character-name '\u2557' cannot be represented in the current code page (1252)
C:\Users\DELL\Desktop\CrimePatternSystem\cpp\RouteOptimizer\RouteOptimizer\dijkstra.cpp(250,13): warning C4566: character represented by universal-character-name '\u2551' cannot be represented in the current code page (1252)
C:\Users\DELL\Desktop\CrimePatternSystem\cpp\RouteOptimizer\RouteOptimizer\dijkstra.cpp(251,13): warning C4566: character represented by universal-character-name '\u255A' cannot be represented in the current code page (1252)
C:\Users\DELL\Desktop\CrimePatternSystem\cpp\RouteOptimizer\RouteOptimizer\dijkstra.cpp(251,13): warning C4566: character represented by universal-character-name '\u2550' cannot be represented in the current code page (1252)
C:\Users\DELL\Desktop\CrimePatternSystem\cpp\RouteOptimizer\RouteOptimizer\dijkstra.cpp(251,13): warning C4566: character represented by universal-character-name '\u255D' cannot be represented in the current code page (1252)
C:\Users\DELL\Desktop\CrimePatternSystem\cpp\RouteOptimizer\RouteOptimizer\dijkstra.cpp(257,21): warning C4566: character represented by universal-character-name '\u2192' cannot be represented in the current code page (1252)
C:\Users\DELL\Desktop\CrimePatternSystem\cpp\RouteOptimizer\RouteOptimizer\dijkstra.cpp(260,21): warning C4566: character represented by universal-character-name '\u2192' cannot be represented in the current code page (1252)
C:\Users\DELL\Desktop\CrimePatternSystem\cpp\RouteOptimizer\RouteOptimizer\dijkstra.cpp(270,13): warning C4566: character represented by universal-character-name '\u2554' cannot be represented in the current code page (1252)
C:\Users\DELL\Desktop\CrimePatternSystem\cpp\RouteOptimizer\RouteOptimizer\dijkstra.cpp(270,13): warning C4566: character represented by universal-character-name '\u2550' cannot be represented in the current code page (1252)
C:\Users\DELL\Desktop\CrimePatternSystem\cpp\RouteOptimizer\RouteOptimizer\dijkstra.cpp(270,13): warning C4566: character represented by universal-character-name '\u2557' cannot be represented in the current code page (1252)
C:\Users\DELL\Desktop\CrimePatternSystem\cpp\RouteOptimizer\RouteOptimizer\dijkstra.cpp(271,13): warning C4566: character represented by universal-character-name '\u2551' cannot be represented in the current code page (1252)
C:\Users\DELL\Desktop\CrimePatternSystem\cpp\RouteOptimizer\RouteOptimizer\dijkstra.cpp(272,13): warning C4566: character represented by universal-character-name '\u255A' cannot be represented in the current code page (1252)
C:\Users\DELL\Desktop\CrimePatternSystem\cpp\RouteOptimizer\RouteOptimizer\dijkstra.cpp(272,13): warning C4566: character represented by universal-character-name '\u2550' cannot be represented in the current code page (1252)
C:\Users\DELL\Desktop\CrimePatternSystem\cpp\RouteOptimizer\RouteOptimizer\dijkstra.cpp(272,13): warning C4566: character represented by universal-character-name '\u255D' cannot be represented in the current code page (1252)
C:\Users\DELL\Desktop\CrimePatternSystem\cpp\RouteOptimizer\RouteOptimizer\dijkstra.cpp(279,45): warning C4267: '+=': conversion from 'size_t' to 'int', possible loss of data
C:\Users\DELL\Desktop\CrimePatternSystem\cpp\RouteOptimizer\RouteOptimizer\dijkstra.cpp(287,26): warning C4267: 'return': conversion from 'size_t' to 'int', possible loss of data
C:\Users\DELL\Desktop\CrimePatternSystem\cpp\RouteOptimizer\RouteOptimizer\dijkstra.cpp(300,13): warning C4566: character represented by universal-character-name '\u2713' cannot be represented in the current code page (1252)
  RouteOptimizer.cpp
C:\Users\DELL\Desktop\CrimePatternSystem\cpp\RouteOptimizer\RouteOptimizer\RouteOptimizer.cpp(22,13): warning C4566: character represented by universal-character-name '\u2554' cannot be represented in the current code page (1252)
C:\Users\DELL\Desktop\CrimePatternSystem\cpp\RouteOptimizer\RouteOptimizer\RouteOptimizer.cpp(22,13): warning C4566: character represented by universal-character-name '\u2550' cannot be represented in the current code page (1252)
C:\Users\DELL\Desktop\CrimePatternSystem\cpp\RouteOptimizer\RouteOptimizer\RouteOptimizer.cpp(22,13): warning C4566: character represented by universal-character-name '\u2557' cannot be represented in the current code page (1252)
C:\Users\DELL\Desktop\CrimePatternSystem\cpp\RouteOptimizer\RouteOptimizer\RouteOptimizer.cpp(23,13): warning C4566: character represented by universal-character-name '\u2551' cannot be represented in the current code page (1252)
C:\Users\DELL\Desktop\CrimePatternSystem\cpp\RouteOptimizer\RouteOptimizer\RouteOptimizer.cpp(24,13): warning C4566: character represented by universal-character-name '\u2551' cannot be represented in the current code page (1252)
C:\Users\DELL\Desktop\CrimePatternSystem\cpp\RouteOptimizer\RouteOptimizer\RouteOptimizer.cpp(25,13): warning C4566: character represented by universal-character-name '\u2551' cannot be represented in the current code page (1252)
C:\Users\DELL\Desktop\CrimePatternSystem\cpp\RouteOptimizer\RouteOptimizer\RouteOptimizer.cpp(26,13): warning C4566: character represented by universal-character-name '\u255A' cannot be represented in the current code page (1252)
C:\Users\DELL\Desktop\CrimePatternSystem\cpp\RouteOptimizer\RouteOptimizer\RouteOptimizer.cpp(26,13): warning C4566: character represented by universal-character-name '\u2550' cannot be represented in the current code page (1252)
C:\Users\DELL\Desktop\CrimePatternSystem\cpp\RouteOptimizer\RouteOptimizer\RouteOptimizer.cpp(26,13): warning C4566: character represented by universal-character-name '\u255D' cannot be represented in the current code page (1252)
C:\Users\DELL\Desktop\CrimePatternSystem\cpp\RouteOptimizer\RouteOptimizer\RouteOptimizer.cpp(31,13): warning C4566: character represented by universal-character-name '\u2500' cannot be represented in the current code page (1252)
C:\Users\DELL\Desktop\CrimePatternSystem\cpp\RouteOptimizer\RouteOptimizer\RouteOptimizer.cpp(43,13): warning C4566: character represented by universal-character-name '\u2500' cannot be represented in the current code page (1252)
C:\Users\DELL\Desktop\CrimePatternSystem\cpp\RouteOptimizer\RouteOptimizer\RouteOptimizer.cpp(144,25): warning C4566: character represented by universal-character-name '\u2717' cannot be represented in the current code page (1252)
C:\Users\DELL\Desktop\CrimePatternSystem\cpp\RouteOptimizer\RouteOptimizer\RouteOptimizer.cpp(159,25): warning C4566: character represented by universal-character-name '\u2550' cannot be represented in the current code page (1252)
C:\Users\DELL\Desktop\CrimePatternSystem\cpp\RouteOptimizer\RouteOptimizer\RouteOptimizer.cpp(160,25): warning C4566: character represented by universal-character-name '\u2713' cannot be represented in the current code page (1252)
C:\Users\DELL\Desktop\CrimePatternSystem\cpp\RouteOptimizer\RouteOptimizer\RouteOptimizer.cpp(161,25): warning C4566: character represented by universal-character-name '\u2550' cannot be represented in the current code page (1252)
C:\Users\DELL\Desktop\CrimePatternSystem\cpp\RouteOptimizer\RouteOptimizer\RouteOptimizer.cpp(169,54): warning C4566: character represented by universal-character-name '\u2192' cannot be represented in the current code page (1252)
C:\Users\DELL\Desktop\CrimePatternSystem\cpp\RouteOptimizer\RouteOptimizer\RouteOptimizer.cpp(172,25): warning C4566: character represented by universal-character-name '\u2550' cannot be represented in the current code page (1252)
C:\Users\DELL\Desktop\CrimePatternSystem\cpp\RouteOptimizer\RouteOptimizer\RouteOptimizer.cpp(183,21): warning C4566: character represented by universal-character-name '\U0001F50D' cannot be represented in the current code page (1252)
C:\Users\DELL\Desktop\CrimePatternSystem\cpp\RouteOptimizer\RouteOptimizer\RouteOptimizer.cpp(187,21): warning C4566: character represented by universal-character-name '\u2554' cannot be represented in the current code page (1252)
C:\Users\DELL\Desktop\CrimePatternSystem\cpp\RouteOptimizer\RouteOptimizer\RouteOptimizer.cpp(187,21): warning C4566: character represented by universal-character-name '\u2550' cannot be represented in the current code page (1252)
C:\Users\DELL\Desktop\CrimePatternSystem\cpp\RouteOptimizer\RouteOptimizer\RouteOptimizer.cpp(187,21): warning C4566: character represented by universal-character-name '\u2557' cannot be represented in the current code page (1252)
C:\Users\DELL\Desktop\CrimePatternSystem\cpp\RouteOptimizer\RouteOptimizer\RouteOptimizer.cpp(188,21): warning C4566: character represented by universal-character-name '\u2551' cannot be represented in the current code page (1252)
C:\Users\DELL\Desktop\CrimePatternSystem\cpp\RouteOptimizer\RouteOptimizer\RouteOptimizer.cpp(188,69): warning C4566: character represented by universal-character-name '\u2551' cannot be represented in the current code page (1252)
C:\Users\DELL\Desktop\CrimePatternSystem\cpp\RouteOptimizer\RouteOptimizer\RouteOptimizer.cpp(189,21): warning C4566: character represented by universal-character-name '\u255A' cannot be represented in the current code page (1252)
C:\Users\DELL\Desktop\CrimePatternSystem\cpp\RouteOptimizer\RouteOptimizer\RouteOptimizer.cpp(189,21): warning C4566: character represented by universal-character-name '\u2550' cannot be represented in the current code page (1252)
C:\Users\DELL\Desktop\CrimePatternSystem\cpp\RouteOptimizer\RouteOptimizer\RouteOptimizer.cpp(189,21): warning C4566: character represented by universal-character-name '\u255D' cannot be represented in the current code page (1252)
C:\Users\DELL\Desktop\CrimePatternSystem\cpp\RouteOptimizer\RouteOptimizer\RouteOptimizer.cpp(195,39): warning C4566: character represented by universal-character-name '\u2192' cannot be represented in the current code page (1252)
C:\Users\DELL\Desktop\CrimePatternSystem\cpp\RouteOptimizer\RouteOptimizer\RouteOptimizer.cpp(195,64): warning C4566: character represented by universal-character-name '\u221E' cannot be represented in the current code page (1252)
C:\Users\DELL\Desktop\CrimePatternSystem\cpp\RouteOptimizer\RouteOptimizer\RouteOptimizer.cpp(198,39): warning C4566: character represented by universal-character-name '\u2192' cannot be represented in the current code page (1252)
C:\Users\DELL\Desktop\CrimePatternSystem\cpp\RouteOptimizer\RouteOptimizer\RouteOptimizer.cpp(201,21): warning C4566: character represented by universal-character-name '\u2500' cannot be represented in the current code page (1252)
C:\Users\DELL\Desktop\CrimePatternSystem\cpp\RouteOptimizer\RouteOptimizer\RouteOptimizer.cpp(212,21): warning C4566: character represented by universal-character-name '\u2554' cannot be represented in the current code page (1252)
C:\Users\DELL\Desktop\CrimePatternSystem\cpp\RouteOptimizer\RouteOptimizer\RouteOptimizer.cpp(212,21): warning C4566: character represented by universal-character-name '\u2550' cannot be represented in the current code page (1252)
C:\Users\DELL\Desktop\CrimePatternSystem\cpp\RouteOptimizer\RouteOptimizer\RouteOptimizer.cpp(212,21): warning C4566: character represented by universal-character-name '\u2557' cannot be represented in the current code page (1252)
C:\Users\DELL\Desktop\CrimePatternSystem\cpp\RouteOptimizer\RouteOptimizer\RouteOptimizer.cpp(213,21): warning C4566: character represented by universal-character-name '\u2551' cannot be represented in the current code page (1252)
C:\Users\DELL\Desktop\CrimePatternSystem\cpp\RouteOptimizer\RouteOptimizer\RouteOptimizer.cpp(213,66): warning C4566: character represented by universal-character-name '\u2551' cannot be represented in the current code page (1252)
C:\Users\DELL\Desktop\CrimePatternSystem\cpp\RouteOptimizer\RouteOptimizer\RouteOptimizer.cpp(214,21): warning C4566: character represented by universal-character-name '\u255A' cannot be represented in the current code page (1252)
C:\Users\DELL\Desktop\CrimePatternSystem\cpp\RouteOptimizer\RouteOptimizer\RouteOptimizer.cpp(214,21): warning C4566: character represented by universal-character-name '\u2550' cannot be represented in the current code page (1252)
C:\Users\DELL\Desktop\CrimePatternSystem\cpp\RouteOptimizer\RouteOptimizer\RouteOptimizer.cpp(214,21): warning C4566: character represented by universal-character-name '\u255D' cannot be represented in the current code page (1252)
C:\Users\DELL\Desktop\CrimePatternSystem\cpp\RouteOptimizer\RouteOptimizer\RouteOptimizer.cpp(217,25): warning C4566: character represented by universal-character-name '\u26A0' cannot be represented in the current code page (1252)
C:\Users\DELL\Desktop\CrimePatternSystem\cpp\RouteOptimizer\RouteOptimizer\RouteOptimizer.cpp(225,21): warning C4566: character represented by universal-character-name '\u2500' cannot be represented in the current code page (1252)
C:\Users\DELL\Desktop\CrimePatternSystem\cpp\RouteOptimizer\RouteOptimizer\RouteOptimizer.cpp(275,25): warning C4566: character represented by universal-character-name '\u2713' cannot be represented in the current code page (1252)
C:\Users\DELL\Desktop\CrimePatternSystem\cpp\RouteOptimizer\RouteOptimizer\RouteOptimizer.cpp(275,57): warning C4566: character represented by universal-character-name '\u2194' cannot be represented in the current code page (1252)
C:\Users\DELL\Desktop\CrimePatternSystem\cpp\RouteOptimizer\RouteOptimizer\RouteOptimizer.cpp(278,25): warning C4566: character represented by universal-character-name '\u2717' cannot be represented in the current code page (1252)
C:\Users\DELL\Desktop\CrimePatternSystem\cpp\RouteOptimizer\RouteOptimizer\RouteOptimizer.cpp(305,21): warning C4566: character represented by universal-character-name '\u2713' cannot be represented in the current code page (1252)
C:\Users\DELL\Desktop\CrimePatternSystem\cpp\RouteOptimizer\RouteOptimizer\RouteOptimizer.cpp(308,21): warning C4566: character represented by universal-character-name '\u2717' cannot be represented in the current code page (1252)
C:\Users\DELL\Desktop\CrimePatternSystem\cpp\RouteOptimizer\RouteOptimizer\RouteOptimizer.cpp(313,13): warning C4566: character represented by universal-character-name '\u2713' cannot be represented in the current code page (1252)
C:\Users\DELL\Desktop\CrimePatternSystem\cpp\RouteOptimizer\RouteOptimizer\RouteOptimizer.cpp(326,19): warning C4566: character represented by universal-character-name '\u2554' cannot be represented in the current code page (1252)
C:\Users\DELL\Desktop\CrimePatternSystem\cpp\RouteOptimizer\RouteOptimizer\RouteOptimizer.cpp(326,19): warning C4566: character represented by universal-character-name '\u2550' cannot be represented in the current code page (1252)
C:\Users\DELL\Desktop\CrimePatternSystem\cpp\RouteOptimizer\RouteOptimizer\RouteOptimizer.cpp(326,19): warning C4566: character represented by universal-character-name '\u2557' cannot be represented in the current code page (1252)
C:\Users\DELL\Desktop\CrimePatternSystem\cpp\RouteOptimizer\RouteOptimizer\RouteOptimizer.cpp(327,19): warning C4566: character represented by universal-character-name '\u2551' cannot be represented in the current code page (1252)
C:\Users\DELL\Desktop\CrimePatternSystem\cpp\RouteOptimizer\RouteOptimizer\RouteOptimizer.cpp(328,19): warning C4566: character represented by universal-character-name '\u255A' cannot be represented in the current code page (1252)
C:\Users\DELL\Desktop\CrimePatternSystem\cpp\RouteOptimizer\RouteOptimizer\RouteOptimizer.cpp(328,19): warning C4566: character represented by universal-character-name '\u2550' cannot be represented in the current code page (1252)
C:\Users\DELL\Desktop\CrimePatternSystem\cpp\RouteOptimizer\RouteOptimizer\RouteOptimizer.cpp(328,19): warning C4566: character represented by universal-character-name '\u255D' cannot be represented in the current code page (1252)
C:\Users\DELL\Desktop\CrimePatternSystem\cpp\RouteOptimizer\RouteOptimizer\RouteOptimizer.cpp(331,19): warning C4566: character represented by universal-character-name '\u2550' cannot be represented in the current code page (1252)
C:\Users\DELL\Desktop\CrimePatternSystem\cpp\RouteOptimizer\RouteOptimizer\RouteOptimizer.cpp(333,19): warning C4566: character represented by universal-character-name '\u2550' cannot be represented in the current code page (1252)
C:\Users\DELL\Desktop\CrimePatternSystem\cpp\RouteOptimizer\RouteOptimizer\RouteOptimizer.cpp(339,19): warning C4566: character represented by universal-character-name '\u2550' cannot be represented in the current code page (1252)
C:\Users\DELL\Desktop\CrimePatternSystem\cpp\RouteOptimizer\RouteOptimizer\RouteOptimizer.cpp(341,19): warning C4566: character represented by universal-character-name '\u2550' cannot be represented in the current code page (1252)
C:\Users\DELL\Desktop\CrimePatternSystem\cpp\RouteOptimizer\RouteOptimizer\RouteOptimizer.cpp(346,19): warning C4566: character represented by universal-character-name '\u2550' cannot be represented in the current code page (1252)
C:\Users\DELL\Desktop\CrimePatternSystem\cpp\RouteOptimizer\RouteOptimizer\RouteOptimizer.cpp(348,19): warning C4566: character represented by universal-character-name '\u2550' cannot be represented in the current code page (1252)
C:\Users\DELL\Desktop\CrimePatternSystem\cpp\RouteOptimizer\RouteOptimizer\RouteOptimizer.cpp(349,19): warning C4566: character represented by universal-character-name '\u2713' cannot be represented in the current code page (1252)
C:\Users\DELL\Desktop\CrimePatternSystem\cpp\RouteOptimizer\RouteOptimizer\RouteOptimizer.cpp(353,19): warning C4566: character represented by universal-character-name '\u2550' cannot be represented in the current code page (1252)
C:\Users\DELL\Desktop\CrimePatternSystem\cpp\RouteOptimizer\RouteOptimizer\RouteOptimizer.cpp(355,19): warning C4566: character represented by universal-character-name '\u2550' cannot be represented in the current code page (1252)
C:\Users\DELL\Desktop\CrimePatternSystem\cpp\RouteOptimizer\RouteOptimizer\RouteOptimizer.cpp(368,19): warning C4566: character represented by universal-character-name '\u2550' cannot be represented in the current code page (1252)
C:\Users\DELL\Desktop\CrimePatternSystem\cpp\RouteOptimizer\RouteOptimizer\RouteOptimizer.cpp(370,19): warning C4566: character represented by universal-character-name '\u2550' cannot be represented in the current code page (1252)
C:\Users\DELL\Desktop\CrimePatternSystem\cpp\RouteOptimizer\RouteOptimizer\RouteOptimizer.cpp(373,13): warning C4566: character represented by universal-character-name '\u2713' cannot be represented in the current code page (1252)
  route_manager.cpp
C:\Users\DELL\Desktop\CrimePatternSystem\cpp\RouteOptimizer\RouteOptimizer\route_manager.cpp(8,17): warning C4566: character represented by universal-character-name '\u26A0' cannot be represented in the current code page (1252)
C:\Users\DELL\Desktop\CrimePatternSystem\cpp\RouteOptimizer\RouteOptimizer\route_manager.cpp(13,13): warning C4566: character represented by universal-character-name '\u2713' cannot be represented in the current code page (1252)
C:\Users\DELL\Desktop\CrimePatternSystem\cpp\RouteOptimizer\RouteOptimizer\route_manager.cpp(25,17): warning C4566: character represented by universal-character-name '\u2717' cannot be represented in the current code page (1252)
C:\Users\DELL\Desktop\CrimePatternSystem\cpp\RouteOptimizer\RouteOptimizer\route_manager.cpp(30,13): warning C4566: character represented by universal-character-name '\u2713' cannot be represented in the current code page (1252)
C:\Users\DELL\Desktop\CrimePatternSystem\cpp\RouteOptimizer\RouteOptimizer\route_manager.cpp(36,17): warning C4566: character represented by universal-character-name '\u2717' cannot be represented in the current code page (1252)
C:\Users\DELL\Desktop\CrimePatternSystem\cpp\RouteOptimizer\RouteOptimizer\route_manager.cpp(42,13): warning C4566: character represented by universal-character-name '\u250C' cannot be represented in the current code page (1252)
C:\Users\DELL\Desktop\CrimePatternSystem\cpp\RouteOptimizer\RouteOptimizer\route_manager.cpp(42,13): warning C4566: character represented by universal-character-name '\u2500' cannot be represented in the current code page (1252)
C:\Users\DELL\Desktop\CrimePatternSystem\cpp\RouteOptimizer\RouteOptimizer\route_manager.cpp(42,13): warning C4566: character represented by universal-character-name '\u2510' cannot be represented in the current code page (1252)
C:\Users\DELL\Desktop\CrimePatternSystem\cpp\RouteOptimizer\RouteOptimizer\route_manager.cpp(43,13): warning C4566: character represented by universal-character-name '\u2502' cannot be represented in the current code page (1252)
C:\Users\DELL\Desktop\CrimePatternSystem\cpp\RouteOptimizer\RouteOptimizer\route_manager.cpp(44,13): warning C4566: character represented by universal-character-name '\u2502' cannot be represented in the current code page (1252)
C:\Users\DELL\Desktop\CrimePatternSystem\cpp\RouteOptimizer\RouteOptimizer\route_manager.cpp(45,13): warning C4566: character represented by universal-character-name '\u2502' cannot be represented in the current code page (1252)
C:\Users\DELL\Desktop\CrimePatternSystem\cpp\RouteOptimizer\RouteOptimizer\route_manager.cpp(46,13): warning C4566: character represented by universal-character-name '\u2502' cannot be represented in the current code page (1252)
C:\Users\DELL\Desktop\CrimePatternSystem\cpp\RouteOptimizer\RouteOptimizer\route_manager.cpp(47,13): warning C4566: character represented by universal-character-name '\u2514' cannot be represented in the current code page (1252)
C:\Users\DELL\Desktop\CrimePatternSystem\cpp\RouteOptimizer\RouteOptimizer\route_manager.cpp(47,13): warning C4566: character represented by universal-character-name '\u2500' cannot be represented in the current code page (1252)
C:\Users\DELL\Desktop\CrimePatternSystem\cpp\RouteOptimizer\RouteOptimizer\route_manager.cpp(47,13): warning C4566: character represented by universal-character-name '\u2518' cannot be represented in the current code page (1252)
C:\Users\DELL\Desktop\CrimePatternSystem\cpp\RouteOptimizer\RouteOptimizer\route_manager.cpp(53,17): warning C4566: character represented by universal-character-name '\u26A0' cannot be represented in the current code page (1252)
C:\Users\DELL\Desktop\CrimePatternSystem\cpp\RouteOptimizer\RouteOptimizer\route_manager.cpp(57,13): warning C4566: character represented by universal-character-name '\u2554' cannot be represented in the current code page (1252)
C:\Users\DELL\Desktop\CrimePatternSystem\cpp\RouteOptimizer\RouteOptimizer\route_manager.cpp(57,13): warning C4566: character represented by universal-character-name '\u2550' cannot be represented in the current code page (1252)
C:\Users\DELL\Desktop\CrimePatternSystem\cpp\RouteOptimizer\RouteOptimizer\route_manager.cpp(57,13): warning C4566: character represented by universal-character-name '\u2557' cannot be represented in the current code page (1252)
C:\Users\DELL\Desktop\CrimePatternSystem\cpp\RouteOptimizer\RouteOptimizer\route_manager.cpp(58,13): warning C4566: character represented by universal-character-name '\u2551' cannot be represented in the current code page (1252)
C:\Users\DELL\Desktop\CrimePatternSystem\cpp\RouteOptimizer\RouteOptimizer\route_manager.cpp(59,13): warning C4566: character represented by universal-character-name '\u255A' cannot be represented in the current code page (1252)
C:\Users\DELL\Desktop\CrimePatternSystem\cpp\RouteOptimizer\RouteOptimizer\route_manager.cpp(59,13): warning C4566: character represented by universal-character-name '\u2550' cannot be represented in the current code page (1252)
C:\Users\DELL\Desktop\CrimePatternSystem\cpp\RouteOptimizer\RouteOptimizer\route_manager.cpp(59,13): warning C4566: character represented by universal-character-name '\u255D' cannot be represented in the current code page (1252)
  Generating Code...
  RouteOptimizer.vcxproj -> C:\Users\DELL\Desktop\CrimePatternSystem\cpp\RouteOptimizer\x64\Debug\RouteOptimizer.exe
