  CrimeManager.cpp
C:\Users\DELL\Desktop\CrimePatternSystem\cpp\CrimeManager\CrimeManager\CrimeManager.cpp(23,13): warning C4566: character represented by universal-character-name '\u2554' cannot be represented in the current code page (1252)
C:\Users\DELL\Desktop\CrimePatternSystem\cpp\CrimeManager\CrimeManager\CrimeManager.cpp(23,13): warning C4566: character represented by universal-character-name '\u2550' cannot be represented in the current code page (1252)
C:\Users\DELL\Desktop\CrimePatternSystem\cpp\CrimeManager\CrimeManager\CrimeManager.cpp(23,13): warning C4566: character represented by universal-character-name '\u2557' cannot be represented in the current code page (1252)
C:\Users\DELL\Desktop\CrimePatternSystem\cpp\CrimeManager\CrimeManager\CrimeManager.cpp(24,13): warning C4566: character represented by universal-character-name '\u2551' cannot be represented in the current code page (1252)
C:\Users\DELL\Desktop\CrimePatternSystem\cpp\CrimeManager\CrimeManager\CrimeManager.cpp(25,13): warning C4566: character represented by universal-character-name '\u2551' cannot be represented in the current code page (1252)
C:\Users\DELL\Desktop\CrimePatternSystem\cpp\CrimeManager\CrimeManager\CrimeManager.cpp(26,13): warning C4566: character represented by universal-character-name '\u255A' cannot be represented in the current code page (1252)
C:\Users\DELL\Desktop\CrimePatternSystem\cpp\CrimeManager\CrimeManager\CrimeManager.cpp(26,13): warning C4566: character represented by universal-character-name '\u2550' cannot be represented in the current code page (1252)
C:\Users\DELL\Desktop\CrimePatternSystem\cpp\CrimeManager\CrimeManager\CrimeManager.cpp(26,13): warning C4566: character represented by universal-character-name '\u255D' cannot be represented in the current code page (1252)
C:\Users\DELL\Desktop\CrimePatternSystem\cpp\CrimeManager\CrimeManager\CrimeManager.cpp(34,13): warning C4566: character represented by universal-character-name '\u2500' cannot be represented in the current code page (1252)
C:\Users\DELL\Desktop\CrimePatternSystem\cpp\CrimeManager\CrimeManager\CrimeManager.cpp(42,13): warning C4566: character represented by universal-character-name '\u2500' cannot be represented in the current code page (1252)
C:\Users\DELL\Desktop\CrimePatternSystem\cpp\CrimeManager\CrimeManager\CrimeManager.cpp(59,13): warning C4566: character represented by universal-character-name '\u2550' cannot be represented in the current code page (1252)
C:\Users\DELL\Desktop\CrimePatternSystem\cpp\CrimeManager\CrimeManager\CrimeManager.cpp(61,13): warning C4566: character represented by universal-character-name '\u2550' cannot be represented in the current code page (1252)
C:\Users\DELL\Desktop\CrimePatternSystem\cpp\CrimeManager\CrimeManager\CrimeManager.cpp(66,17): warning C4566: character represented by universal-character-name '\u26A0' cannot be represented in the current code page (1252)
C:\Users\DELL\Desktop\CrimePatternSystem\cpp\CrimeManager\CrimeManager\CrimeManager.cpp(129,13): warning C4566: character represented by universal-character-name '\u2550' cannot be represented in the current code page (1252)
C:\Users\DELL\Desktop\CrimePatternSystem\cpp\CrimeManager\CrimeManager\CrimeManager.cpp(130,13): warning C4566: character represented by universal-character-name '\u2713' cannot be represented in the current code page (1252)
C:\Users\DELL\Desktop\CrimePatternSystem\cpp\CrimeManager\CrimeManager\CrimeManager.cpp(135,13): warning C4566: character represented by universal-character-name '\u2550' cannot be represented in the current code page (1252)
C:\Users\DELL\Desktop\CrimePatternSystem\cpp\CrimeManager\CrimeManager\CrimeManager.cpp(191,25): warning C4566: character represented by universal-character-name '\u2713' cannot be represented in the current code page (1252)
C:\Users\DELL\Desktop\CrimePatternSystem\cpp\CrimeManager\CrimeManager\CrimeManager.cpp(194,25): warning C4566: character represented by universal-character-name '\u2717' cannot be represented in the current code page (1252)
C:\Users\DELL\Desktop\CrimePatternSystem\cpp\CrimeManager\CrimeManager\CrimeManager.cpp(206,25): warning C4566: character represented by universal-character-name '\u2713' cannot be represented in the current code page (1252)
C:\Users\DELL\Desktop\CrimePatternSystem\cpp\CrimeManager\CrimeManager\CrimeManager.cpp(210,25): warning C4566: character represented by universal-character-name '\u2717' cannot be represented in the current code page (1252)
C:\Users\DELL\Desktop\CrimePatternSystem\cpp\CrimeManager\CrimeManager\CrimeManager.cpp(275,21): warning C4566: character represented by universal-character-name '\u2717' cannot be represented in the current code page (1252)
C:\Users\DELL\Desktop\CrimePatternSystem\cpp\CrimeManager\CrimeManager\CrimeManager.cpp(280,13): warning C4566: character represented by universal-character-name '\u2713' cannot be represented in the current code page (1252)
C:\Users\DELL\Desktop\CrimePatternSystem\cpp\CrimeManager\CrimeManager\CrimeManager.cpp(292,19): warning C4566: character represented by universal-character-name '\u2554' cannot be represented in the current code page (1252)
C:\Users\DELL\Desktop\CrimePatternSystem\cpp\CrimeManager\CrimeManager\CrimeManager.cpp(292,19): warning C4566: character represented by universal-character-name '\u2550' cannot be represented in the current code page (1252)
C:\Users\DELL\Desktop\CrimePatternSystem\cpp\CrimeManager\CrimeManager\CrimeManager.cpp(292,19): warning C4566: character represented by universal-character-name '\u2557' cannot be represented in the current code page (1252)
C:\Users\DELL\Desktop\CrimePatternSystem\cpp\CrimeManager\CrimeManager\CrimeManager.cpp(293,19): warning C4566: character represented by universal-character-name '\u2551' cannot be represented in the current code page (1252)
C:\Users\DELL\Desktop\CrimePatternSystem\cpp\CrimeManager\CrimeManager\CrimeManager.cpp(294,19): warning C4566: character represented by universal-character-name '\u255A' cannot be represented in the current code page (1252)
C:\Users\DELL\Desktop\CrimePatternSystem\cpp\CrimeManager\CrimeManager\CrimeManager.cpp(294,19): warning C4566: character represented by universal-character-name '\u2550' cannot be represented in the current code page (1252)
C:\Users\DELL\Desktop\CrimePatternSystem\cpp\CrimeManager\CrimeManager\CrimeManager.cpp(294,19): warning C4566: character represented by universal-character-name '\u255D' cannot be represented in the current code page (1252)
C:\Users\DELL\Desktop\CrimePatternSystem\cpp\CrimeManager\CrimeManager\CrimeManager.cpp(302,19): warning C4566: character represented by universal-character-name '\u2500' cannot be represented in the current code page (1252)
C:\Users\DELL\Desktop\CrimePatternSystem\cpp\CrimeManager\CrimeManager\CrimeManager.cpp(304,19): warning C4566: character represented by universal-character-name '\u2500' cannot be represented in the current code page (1252)
C:\Users\DELL\Desktop\CrimePatternSystem\cpp\CrimeManager\CrimeManager\CrimeManager.cpp(314,27): warning C4566: character represented by universal-character-name '\u2500' cannot be represented in the current code page (1252)
C:\Users\DELL\Desktop\CrimePatternSystem\cpp\CrimeManager\CrimeManager\CrimeManager.cpp(322,13): warning C4566: character represented by universal-character-name '\u2713' cannot be represented in the current code page (1252)
  CrimeManager.vcxproj -> C:\Users\DELL\Desktop\CrimePatternSystem\cpp\CrimeManager\x64\Debug\CrimeManager.exe
